mode: set
github.com/jrschumacher/go-actions/cli/internal/security/formatter.go:13.67,20.21 4 1
github.com/jrschumacher/go-actions/cli/internal/security/formatter.go:20.21,22.17 2 1
github.com/jrschumacher/go-actions/cli/internal/security/formatter.go:22.17,23.12 1 0
github.com/jrschumacher/go-actions/cli/internal/security/formatter.go:26.3,27.60 2 1
github.com/jrschumacher/go-actions/cli/internal/security/formatter.go:27.60,29.12 1 1
github.com/jrschumacher/go-actions/cli/internal/security/formatter.go:32.3,32.21 1 1
github.com/jrschumacher/go-actions/cli/internal/security/formatter.go:32.21,34.4 1 1
github.com/jrschumacher/go-actions/cli/internal/security/formatter.go:36.3,36.25 1 1
github.com/jrschumacher/go-actions/cli/internal/security/formatter.go:36.25,40.4 3 1
github.com/jrschumacher/go-actions/cli/internal/security/formatter.go:43.2,43.38 1 1
github.com/jrschumacher/go-actions/cli/internal/security/formatter.go:43.38,45.3 1 0
github.com/jrschumacher/go-actions/cli/internal/security/formatter.go:48.2,50.43 2 1
github.com/jrschumacher/go-actions/cli/internal/security/formatter.go:50.43,52.17 2 1
github.com/jrschumacher/go-actions/cli/internal/security/formatter.go:52.17,53.12 1 1
github.com/jrschumacher/go-actions/cli/internal/security/formatter.go:57.3,57.56 1 1
github.com/jrschumacher/go-actions/cli/internal/security/formatter.go:57.56,58.12 1 0
github.com/jrschumacher/go-actions/cli/internal/security/formatter.go:61.3,86.50 7 1
github.com/jrschumacher/go-actions/cli/internal/security/formatter.go:90.2,90.50 1 1
github.com/jrschumacher/go-actions/cli/internal/security/formatter.go:90.50,91.67 1 1
github.com/jrschumacher/go-actions/cli/internal/security/formatter.go:91.67,93.4 1 1
github.com/jrschumacher/go-actions/cli/internal/security/formatter.go:94.3,94.55 1 0
github.com/jrschumacher/go-actions/cli/internal/security/formatter.go:98.2,99.39 2 1
github.com/jrschumacher/go-actions/cli/internal/security/formatter.go:99.39,101.3 1 1
github.com/jrschumacher/go-actions/cli/internal/security/formatter.go:103.2,110.20 2 1
github.com/jrschumacher/go-actions/cli/internal/security/formatter.go:114.70,118.31 2 1
github.com/jrschumacher/go-actions/cli/internal/security/formatter.go:118.31,119.26 1 1
github.com/jrschumacher/go-actions/cli/internal/security/formatter.go:119.26,120.65 1 1
github.com/jrschumacher/go-actions/cli/internal/security/formatter.go:120.65,122.10 2 1
github.com/jrschumacher/go-actions/cli/internal/security/formatter.go:128.2,129.22 2 1
github.com/jrschumacher/go-actions/cli/internal/security/formatter.go:129.22,131.3 1 1
github.com/jrschumacher/go-actions/cli/internal/security/formatter.go:131.8,131.29 1 1
github.com/jrschumacher/go-actions/cli/internal/security/formatter.go:131.29,133.3 1 1
github.com/jrschumacher/go-actions/cli/internal/security/formatter.go:133.8,133.29 1 1
github.com/jrschumacher/go-actions/cli/internal/security/formatter.go:133.29,135.3 1 1
github.com/jrschumacher/go-actions/cli/internal/security/formatter.go:135.8,135.26 1 1
github.com/jrschumacher/go-actions/cli/internal/security/formatter.go:135.26,137.3 1 1
github.com/jrschumacher/go-actions/cli/internal/security/formatter.go:139.2,139.28 1 1
github.com/jrschumacher/go-actions/cli/internal/security/formatter.go:143.57,145.37 1 1
github.com/jrschumacher/go-actions/cli/internal/security/formatter.go:145.37,146.51 1 1
github.com/jrschumacher/go-actions/cli/internal/security/formatter.go:146.51,148.4 1 1
github.com/jrschumacher/go-actions/cli/internal/security/formatter.go:152.2,152.29 1 1
github.com/jrschumacher/go-actions/cli/internal/security/formatter.go:152.29,154.3 1 1
github.com/jrschumacher/go-actions/cli/internal/security/formatter.go:157.2,157.37 1 1
github.com/jrschumacher/go-actions/cli/internal/security/formatter.go:157.37,159.3 1 1
github.com/jrschumacher/go-actions/cli/internal/security/formatter.go:161.2,161.11 1 1
github.com/jrschumacher/go-actions/cli/internal/security/formatter.go:165.55,168.26 2 1
github.com/jrschumacher/go-actions/cli/internal/security/formatter.go:168.26,169.23 1 1
github.com/jrschumacher/go-actions/cli/internal/security/formatter.go:169.23,170.12 1 1
github.com/jrschumacher/go-actions/cli/internal/security/formatter.go:173.3,174.24 2 1
github.com/jrschumacher/go-actions/cli/internal/security/formatter.go:174.24,176.4 1 1
github.com/jrschumacher/go-actions/cli/internal/security/formatter.go:177.3,177.36 1 1
github.com/jrschumacher/go-actions/cli/internal/security/formatter.go:180.2,180.23 1 1
github.com/jrschumacher/go-actions/cli/internal/security/formatter.go:180.23,182.3 1 1
github.com/jrschumacher/go-actions/cli/internal/security/formatter.go:185.2,185.23 1 1
github.com/jrschumacher/go-actions/cli/internal/security/formatter.go:185.23,187.3 1 1
github.com/jrschumacher/go-actions/cli/internal/security/formatter.go:189.2,191.16 3 1
github.com/jrschumacher/go-actions/cli/internal/security/formatter.go:195.81,196.28 1 1
github.com/jrschumacher/go-actions/cli/internal/security/formatter.go:196.28,198.3 1 1
github.com/jrschumacher/go-actions/cli/internal/security/formatter.go:200.2,204.28 3 1
github.com/jrschumacher/go-actions/cli/internal/security/formatter.go:204.28,206.3 1 1
github.com/jrschumacher/go-actions/cli/internal/security/formatter.go:207.2,217.40 8 1
github.com/jrschumacher/go-actions/cli/internal/security/formatter.go:217.40,220.24 3 1
github.com/jrschumacher/go-actions/cli/internal/security/formatter.go:220.24,222.4 1 1
github.com/jrschumacher/go-actions/cli/internal/security/formatter.go:223.3,223.20 1 1
github.com/jrschumacher/go-actions/cli/internal/security/formatter.go:223.20,225.4 1 1
github.com/jrschumacher/go-actions/cli/internal/security/formatter.go:226.3,226.58 1 1
github.com/jrschumacher/go-actions/cli/internal/security/formatter.go:226.58,229.4 2 0
github.com/jrschumacher/go-actions/cli/internal/security/formatter.go:230.3,230.28 1 1
github.com/jrschumacher/go-actions/cli/internal/security/formatter.go:234.2,235.19 2 1
github.com/jrschumacher/go-actions/cli/internal/security/formatter.go:235.19,237.3 1 1
github.com/jrschumacher/go-actions/cli/internal/security/formatter.go:239.2,240.34 2 1
github.com/jrschumacher/go-actions/cli/internal/security/formatter.go:240.34,242.3 1 1
github.com/jrschumacher/go-actions/cli/internal/security/formatter.go:244.2,244.36 1 1
github.com/jrschumacher/go-actions/cli/internal/security/formatter.go:244.36,249.3 4 1
github.com/jrschumacher/go-actions/cli/internal/security/formatter.go:252.2,252.34 1 1
github.com/jrschumacher/go-actions/cli/internal/security/formatter.go:252.34,255.3 2 1
github.com/jrschumacher/go-actions/cli/internal/security/formatter.go:258.2,261.35 2 1
github.com/jrschumacher/go-actions/cli/internal/security/formatter.go:261.35,264.3 2 1
github.com/jrschumacher/go-actions/cli/internal/security/formatter.go:266.2,266.34 1 1
github.com/jrschumacher/go-actions/cli/internal/security/formatter.go:270.64,275.24 3 1
github.com/jrschumacher/go-actions/cli/internal/security/formatter.go:275.24,277.3 1 1
github.com/jrschumacher/go-actions/cli/internal/security/formatter.go:277.8,277.45 1 1
github.com/jrschumacher/go-actions/cli/internal/security/formatter.go:277.45,279.3 1 1
github.com/jrschumacher/go-actions/cli/internal/security/formatter.go:280.2,289.29 6 1
github.com/jrschumacher/go-actions/cli/internal/security/formatter.go:289.29,291.3 1 1
github.com/jrschumacher/go-actions/cli/internal/security/formatter.go:294.2,294.27 1 1
github.com/jrschumacher/go-actions/cli/internal/security/formatter.go:294.27,296.3 1 1
github.com/jrschumacher/go-actions/cli/internal/security/formatter.go:299.2,299.29 1 1
github.com/jrschumacher/go-actions/cli/internal/security/formatter.go:299.29,301.3 1 1
github.com/jrschumacher/go-actions/cli/internal/security/formatter.go:304.2,304.33 1 1
github.com/jrschumacher/go-actions/cli/internal/security/formatter.go:304.33,312.3 7 0
github.com/jrschumacher/go-actions/cli/internal/security/formatter.go:314.2,314.34 1 1
github.com/jrschumacher/go-actions/cli/internal/security/formatter.go:318.74,319.18 1 1
github.com/jrschumacher/go-actions/cli/internal/security/formatter.go:319.18,322.3 1 1
github.com/jrschumacher/go-actions/cli/internal/security/formatter.go:325.2,336.46 3 1
github.com/jrschumacher/go-actions/cli/internal/security/formatter.go:336.46,337.54 1 1
github.com/jrschumacher/go-actions/cli/internal/security/formatter.go:337.54,339.4 1 1
github.com/jrschumacher/go-actions/cli/internal/security/formatter.go:342.2,342.14 1 1
