mode: atomic
github.com/jrschumacher/go-actions/cli/internal/config/loader.go:12.41,17.49 2 5
github.com/jrschumacher/go-actions/cli/internal/config/loader.go:17.49,19.3 1 1
github.com/jrschumacher/go-actions/cli/internal/config/loader.go:22.2,23.16 2 4
github.com/jrschumacher/go-actions/cli/internal/config/loader.go:23.16,25.3 1 0
github.com/jrschumacher/go-actions/cli/internal/config/loader.go:28.2,28.50 1 4
github.com/jrschumacher/go-actions/cli/internal/config/loader.go:28.50,30.3 1 1
github.com/jrschumacher/go-actions/cli/internal/config/loader.go:33.2,33.22 1 3
github.com/jrschumacher/go-actions/cli/internal/config/loader.go:33.22,35.3 1 1
github.com/jrschumacher/go-actions/cli/internal/config/loader.go:38.2,38.32 1 2
github.com/jrschumacher/go-actions/cli/internal/config/loader.go:38.32,41.3 2 0
github.com/jrschumacher/go-actions/cli/internal/config/loader.go:42.2,42.41 1 2
github.com/jrschumacher/go-actions/cli/internal/config/loader.go:42.41,45.3 2 0
github.com/jrschumacher/go-actions/cli/internal/config/loader.go:47.2,47.17 1 2
github.com/jrschumacher/go-actions/cli/internal/config/loader.go:51.39,53.16 2 0
github.com/jrschumacher/go-actions/cli/internal/config/loader.go:53.16,55.3 1 0
github.com/jrschumacher/go-actions/cli/internal/config/loader.go:58.2,59.6 2 0
github.com/jrschumacher/go-actions/cli/internal/config/loader.go:59.6,61.48 2 0
github.com/jrschumacher/go-actions/cli/internal/config/loader.go:61.48,63.4 1 0
github.com/jrschumacher/go-actions/cli/internal/config/loader.go:65.3,66.20 2 0
github.com/jrschumacher/go-actions/cli/internal/config/loader.go:66.20,68.9 1 0
github.com/jrschumacher/go-actions/cli/internal/config/loader.go:70.3,70.15 1 0
github.com/jrschumacher/go-actions/cli/internal/config/loader.go:74.2,74.52 1 0
github.com/jrschumacher/go-actions/cli/internal/config/loader.go:78.43,80.16 2 1
github.com/jrschumacher/go-actions/cli/internal/config/loader.go:80.16,82.3 1 0
github.com/jrschumacher/go-actions/cli/internal/config/loader.go:84.2,84.55 1 1
github.com/jrschumacher/go-actions/cli/internal/config/loader.go:84.55,86.3 1 0
github.com/jrschumacher/go-actions/cli/internal/config/loader.go:88.2,88.12 1 1
github.com/jrschumacher/go-actions/cli/internal/config/types.go:105.30,140.2 2 6
github.com/jrschumacher/go-actions/cli/main.go:5.13,7.2 1 0
github.com/jrschumacher/go-actions/cli/internal/output/formatter.go:36.58,41.2 1 0
github.com/jrschumacher/go-actions/cli/internal/output/formatter.go:44.58,45.18 1 0
github.com/jrschumacher/go-actions/cli/internal/output/formatter.go:46.14,47.30 1 0
github.com/jrschumacher/go-actions/cli/internal/output/formatter.go:48.10,49.30 1 0
github.com/jrschumacher/go-actions/cli/internal/output/formatter.go:53.55,57.2 3 0
github.com/jrschumacher/go-actions/cli/internal/output/formatter.go:59.55,60.39 1 0
github.com/jrschumacher/go-actions/cli/internal/output/formatter.go:60.39,67.21 4 0
github.com/jrschumacher/go-actions/cli/internal/output/formatter.go:68.15,69.26 1 0
github.com/jrschumacher/go-actions/cli/internal/output/formatter.go:69.26,71.28 2 0
github.com/jrschumacher/go-actions/cli/internal/output/formatter.go:71.28,73.6 1 0
github.com/jrschumacher/go-actions/cli/internal/output/formatter.go:75.15,76.25 1 0
github.com/jrschumacher/go-actions/cli/internal/output/formatter.go:76.25,78.5 1 0
github.com/jrschumacher/go-actions/cli/internal/output/formatter.go:79.19,80.34 1 0
github.com/jrschumacher/go-actions/cli/internal/output/formatter.go:80.34,82.5 1 0
github.com/jrschumacher/go-actions/cli/internal/output/formatter.go:85.3,85.26 1 0
github.com/jrschumacher/go-actions/cli/internal/output/formatter.go:85.26,87.4 1 0
github.com/jrschumacher/go-actions/cli/internal/output/formatter.go:89.3,89.31 1 0
github.com/jrschumacher/go-actions/cli/internal/output/formatter.go:92.2,94.24 2 0
github.com/jrschumacher/go-actions/cli/internal/output/formatter.go:95.14,96.61 1 0
github.com/jrschumacher/go-actions/cli/internal/output/formatter.go:97.14,98.71 1 0
github.com/jrschumacher/go-actions/cli/internal/output/formatter.go:99.15,100.60 1 0
github.com/jrschumacher/go-actions/cli/internal/output/formatter.go:103.2,103.12 1 0
github.com/jrschumacher/go-actions/cli/internal/output/formatter.go:106.44,107.16 1 0
github.com/jrschumacher/go-actions/cli/internal/output/formatter.go:108.14,109.15 1 0
github.com/jrschumacher/go-actions/cli/internal/output/formatter.go:110.14,111.15 1 0
github.com/jrschumacher/go-actions/cli/internal/output/formatter.go:112.15,113.15 1 0
github.com/jrschumacher/go-actions/cli/internal/output/formatter.go:114.14,115.15 1 0
github.com/jrschumacher/go-actions/cli/internal/output/formatter.go:116.10,117.13 1 0
github.com/jrschumacher/go-actions/cli/internal/output/formatter.go:122.52,123.24 1 0
github.com/jrschumacher/go-actions/cli/internal/output/formatter.go:123.24,125.3 1 0
github.com/jrschumacher/go-actions/cli/internal/output/formatter.go:127.2,127.62 1 0
github.com/jrschumacher/go-actions/cli/internal/output/formatter.go:130.41,131.22 1 0
github.com/jrschumacher/go-actions/cli/internal/output/formatter.go:131.22,133.3 1 0
github.com/jrschumacher/go-actions/cli/internal/output/formatter.go:134.2,134.22 1 0
github.com/jrschumacher/go-actions/cli/internal/output/formatter.go:134.22,136.3 1 0
github.com/jrschumacher/go-actions/cli/internal/output/formatter.go:138.2,139.37 2 0
github.com/jrschumacher/go-actions/cli/internal/output/formatter.go:139.37,141.3 1 0
github.com/jrschumacher/go-actions/cli/internal/output/formatter.go:142.2,144.15 2 0
github.com/jrschumacher/go-actions/cli/internal/runner/lint.go:15.56,22.15 3 0
github.com/jrschumacher/go-actions/cli/internal/runner/lint.go:22.15,24.3 1 0
github.com/jrschumacher/go-actions/cli/internal/runner/lint.go:27.2,27.60 1 0
github.com/jrschumacher/go-actions/cli/internal/runner/lint.go:27.60,29.3 1 0
github.com/jrschumacher/go-actions/cli/internal/runner/lint.go:32.2,33.20 2 0
github.com/jrschumacher/go-actions/cli/internal/runner/lint.go:33.20,35.3 1 0
github.com/jrschumacher/go-actions/cli/internal/runner/lint.go:38.2,49.21 8 0
github.com/jrschumacher/go-actions/cli/internal/runner/lint.go:49.21,52.17 2 0
github.com/jrschumacher/go-actions/cli/internal/runner/lint.go:52.17,55.4 2 0
github.com/jrschumacher/go-actions/cli/internal/runner/lint.go:56.3,56.26 1 0
github.com/jrschumacher/go-actions/cli/internal/runner/lint.go:59.2,61.16 2 0
github.com/jrschumacher/go-actions/cli/internal/runner/lint.go:61.16,64.3 2 0
github.com/jrschumacher/go-actions/cli/internal/runner/lint.go:66.2,66.20 1 0
github.com/jrschumacher/go-actions/cli/internal/runner/lint.go:85.56,86.20 1 0
github.com/jrschumacher/go-actions/cli/internal/runner/lint.go:86.20,88.3 1 0
github.com/jrschumacher/go-actions/cli/internal/runner/lint.go:90.2,91.54 2 0
github.com/jrschumacher/go-actions/cli/internal/runner/lint.go:91.54,93.3 1 0
github.com/jrschumacher/go-actions/cli/internal/runner/lint.go:95.2,95.27 1 0
github.com/jrschumacher/go-actions/cli/internal/runner/runner.go:18.38,20.2 1 0
github.com/jrschumacher/go-actions/cli/internal/runner/runner.go:23.52,34.35 4 0
github.com/jrschumacher/go-actions/cli/internal/runner/runner.go:34.35,38.20 3 0
github.com/jrschumacher/go-actions/cli/internal/runner/runner.go:39.15,40.29 1 0
github.com/jrschumacher/go-actions/cli/internal/runner/runner.go:41.15,42.29 1 0
github.com/jrschumacher/go-actions/cli/internal/runner/runner.go:43.19,44.33 1 0
github.com/jrschumacher/go-actions/cli/internal/runner/runner.go:45.20,46.34 1 0
github.com/jrschumacher/go-actions/cli/internal/runner/runner.go:47.11,48.12 1 0
github.com/jrschumacher/go-actions/cli/internal/runner/runner.go:51.3,51.17 1 0
github.com/jrschumacher/go-actions/cli/internal/runner/runner.go:51.17,54.4 2 0
github.com/jrschumacher/go-actions/cli/internal/runner/runner.go:56.3,59.58 2 0
github.com/jrschumacher/go-actions/cli/internal/runner/runner.go:59.58,61.4 1 0
github.com/jrschumacher/go-actions/cli/internal/runner/runner.go:64.2,66.21 2 0
github.com/jrschumacher/go-actions/cli/internal/runner/runner.go:70.65,81.14 5 0
github.com/jrschumacher/go-actions/cli/internal/runner/runner.go:82.14,83.28 1 0
github.com/jrschumacher/go-actions/cli/internal/runner/runner.go:84.14,85.28 1 0
github.com/jrschumacher/go-actions/cli/internal/runner/runner.go:86.18,87.32 1 0
github.com/jrschumacher/go-actions/cli/internal/runner/runner.go:88.19,89.33 1 0
github.com/jrschumacher/go-actions/cli/internal/runner/runner.go:90.10,91.52 1 0
github.com/jrschumacher/go-actions/cli/internal/runner/runner.go:94.2,94.16 1 0
github.com/jrschumacher/go-actions/cli/internal/runner/runner.go:94.16,97.3 2 0
github.com/jrschumacher/go-actions/cli/internal/runner/runner.go:99.2,101.57 2 0
github.com/jrschumacher/go-actions/cli/internal/runner/runner.go:101.57,103.3 1 0
github.com/jrschumacher/go-actions/cli/internal/runner/runner.go:105.2,107.21 2 0
github.com/jrschumacher/go-actions/cli/internal/runner/runner.go:110.46,113.60 2 0
github.com/jrschumacher/go-actions/cli/internal/runner/runner.go:113.60,115.3 1 0
github.com/jrschumacher/go-actions/cli/internal/runner/runner.go:116.2,116.27 1 0
github.com/jrschumacher/go-actions/cli/internal/runner/runner.go:116.27,118.3 1 0
github.com/jrschumacher/go-actions/cli/internal/runner/runner.go:119.2,119.31 1 0
github.com/jrschumacher/go-actions/cli/internal/runner/runner.go:119.31,121.3 1 0
github.com/jrschumacher/go-actions/cli/internal/runner/runner.go:122.2,122.32 1 0
github.com/jrschumacher/go-actions/cli/internal/runner/runner.go:122.32,124.3 1 0
github.com/jrschumacher/go-actions/cli/internal/runner/runner.go:126.2,126.15 1 0
github.com/jrschumacher/go-actions/cli/internal/runner/runner.go:130.44,132.16 2 0
github.com/jrschumacher/go-actions/cli/internal/runner/runner.go:132.16,134.3 1 0
github.com/jrschumacher/go-actions/cli/internal/runner/runner.go:135.2,135.12 1 0
github.com/jrschumacher/go-actions/cli/internal/runner/security.go:15.60,22.15 3 0
github.com/jrschumacher/go-actions/cli/internal/runner/security.go:22.15,24.3 1 0
github.com/jrschumacher/go-actions/cli/internal/runner/security.go:27.2,27.58 1 0
github.com/jrschumacher/go-actions/cli/internal/runner/security.go:27.58,29.3 1 0
github.com/jrschumacher/go-actions/cli/internal/runner/security.go:32.2,33.20 2 0
github.com/jrschumacher/go-actions/cli/internal/runner/security.go:33.20,35.3 1 0
github.com/jrschumacher/go-actions/cli/internal/runner/security.go:38.2,49.21 8 0
github.com/jrschumacher/go-actions/cli/internal/runner/security.go:49.21,51.17 2 0
github.com/jrschumacher/go-actions/cli/internal/runner/security.go:51.17,54.4 2 0
github.com/jrschumacher/go-actions/cli/internal/runner/security.go:55.3,55.26 1 0
github.com/jrschumacher/go-actions/cli/internal/runner/security.go:58.2,60.20 2 0
github.com/jrschumacher/go-actions/cli/internal/runner/security.go:60.20,63.3 2 0
github.com/jrschumacher/go-actions/cli/internal/runner/security.go:65.2,65.20 1 0
github.com/jrschumacher/go-actions/cli/internal/runner/security.go:77.64,78.20 1 0
github.com/jrschumacher/go-actions/cli/internal/runner/security.go:78.20,80.3 1 0
github.com/jrschumacher/go-actions/cli/internal/runner/security.go:83.2,86.29 3 0
github.com/jrschumacher/go-actions/cli/internal/runner/security.go:86.29,87.21 1 0
github.com/jrschumacher/go-actions/cli/internal/runner/security.go:87.21,88.12 1 0
github.com/jrschumacher/go-actions/cli/internal/runner/security.go:91.3,95.54 2 0
github.com/jrschumacher/go-actions/cli/internal/runner/security.go:95.54,96.12 1 0
github.com/jrschumacher/go-actions/cli/internal/runner/security.go:99.3,99.27 1 0
github.com/jrschumacher/go-actions/cli/internal/runner/security.go:99.27,101.4 1 0
github.com/jrschumacher/go-actions/cli/internal/runner/security.go:104.2,104.19 1 0
github.com/jrschumacher/go-actions/cli/internal/runner/security.go:108.61,115.15 3 0
github.com/jrschumacher/go-actions/cli/internal/runner/security.go:115.15,117.3 1 0
github.com/jrschumacher/go-actions/cli/internal/runner/security.go:120.2,120.49 1 0
github.com/jrschumacher/go-actions/cli/internal/runner/security.go:120.49,122.3 1 0
github.com/jrschumacher/go-actions/cli/internal/runner/security.go:125.2,126.20 2 0
github.com/jrschumacher/go-actions/cli/internal/runner/security.go:126.20,128.3 1 0
github.com/jrschumacher/go-actions/cli/internal/runner/security.go:131.2,131.34 1 0
github.com/jrschumacher/go-actions/cli/internal/runner/security.go:131.34,133.3 1 0
github.com/jrschumacher/go-actions/cli/internal/runner/security.go:135.2,138.16 3 0
github.com/jrschumacher/go-actions/cli/internal/runner/security.go:138.16,142.3 3 0
github.com/jrschumacher/go-actions/cli/internal/runner/security.go:144.2,144.20 1 0
github.com/jrschumacher/go-actions/cli/internal/runner/test.go:15.56,22.15 3 0
github.com/jrschumacher/go-actions/cli/internal/runner/test.go:22.15,24.3 1 0
github.com/jrschumacher/go-actions/cli/internal/runner/test.go:27.2,27.49 1 0
github.com/jrschumacher/go-actions/cli/internal/runner/test.go:27.49,29.3 1 0
github.com/jrschumacher/go-actions/cli/internal/runner/test.go:32.2,33.20 2 0
github.com/jrschumacher/go-actions/cli/internal/runner/test.go:33.20,35.3 1 0
github.com/jrschumacher/go-actions/cli/internal/runner/test.go:38.2,38.78 1 0
github.com/jrschumacher/go-actions/cli/internal/runner/test.go:38.78,41.28 2 0
github.com/jrschumacher/go-actions/cli/internal/runner/test.go:41.28,42.47 1 0
github.com/jrschumacher/go-actions/cli/internal/runner/test.go:42.47,44.10 2 0
github.com/jrschumacher/go-actions/cli/internal/runner/test.go:47.3,47.23 1 0
github.com/jrschumacher/go-actions/cli/internal/runner/test.go:47.23,49.4 1 0
github.com/jrschumacher/go-actions/cli/internal/runner/test.go:52.2,56.16 4 0
github.com/jrschumacher/go-actions/cli/internal/runner/test.go:56.16,60.3 3 0
github.com/jrschumacher/go-actions/cli/internal/runner/test.go:63.2,63.78 1 0
github.com/jrschumacher/go-actions/cli/internal/runner/test.go:63.78,65.17 2 0
github.com/jrschumacher/go-actions/cli/internal/runner/test.go:65.17,70.51 3 0
github.com/jrschumacher/go-actions/cli/internal/runner/test.go:70.51,74.5 2 0
github.com/jrschumacher/go-actions/cli/internal/runner/test.go:78.2,78.20 1 0
github.com/jrschumacher/go-actions/cli/internal/runner/test.go:82.54,87.22 3 0
github.com/jrschumacher/go-actions/cli/internal/runner/test.go:87.22,89.3 1 0
github.com/jrschumacher/go-actions/cli/internal/runner/test.go:91.2,92.16 2 0
github.com/jrschumacher/go-actions/cli/internal/runner/test.go:92.16,94.3 1 0
github.com/jrschumacher/go-actions/cli/internal/runner/test.go:96.2,96.22 1 0
github.com/jrschumacher/go-actions/cli/cmd/check.go:33.13,36.2 2 0
github.com/jrschumacher/go-actions/cli/cmd/check.go:38.56,41.22 2 0
github.com/jrschumacher/go-actions/cli/cmd/check.go:41.22,44.17 3 0
github.com/jrschumacher/go-actions/cli/cmd/check.go:44.17,46.4 1 0
github.com/jrschumacher/go-actions/cli/cmd/check.go:49.2,50.16 2 0
github.com/jrschumacher/go-actions/cli/cmd/check.go:50.16,52.3 1 0
github.com/jrschumacher/go-actions/cli/cmd/check.go:55.2,56.22 2 0
github.com/jrschumacher/go-actions/cli/cmd/check.go:56.22,57.61 1 0
github.com/jrschumacher/go-actions/cli/cmd/check.go:57.61,59.4 1 0
github.com/jrschumacher/go-actions/cli/cmd/check.go:59.9,61.4 1 0
github.com/jrschumacher/go-actions/cli/cmd/check.go:65.2,72.20 4 0
github.com/jrschumacher/go-actions/cli/cmd/check.go:72.20,75.23 2 0
github.com/jrschumacher/go-actions/cli/cmd/check.go:75.23,78.4 2 0
github.com/jrschumacher/go-actions/cli/cmd/check.go:80.3,81.28 2 0
github.com/jrschumacher/go-actions/cli/cmd/check.go:82.8,94.30 3 0
github.com/jrschumacher/go-actions/cli/cmd/check.go:94.30,96.4 1 0
github.com/jrschumacher/go-actions/cli/cmd/check.go:98.3,99.39 2 0
github.com/jrschumacher/go-actions/cli/cmd/check.go:102.2,102.16 1 0
github.com/jrschumacher/go-actions/cli/cmd/check.go:102.16,104.3 1 0
github.com/jrschumacher/go-actions/cli/cmd/check.go:107.2,107.56 1 0
github.com/jrschumacher/go-actions/cli/cmd/check.go:107.56,109.3 1 0
github.com/jrschumacher/go-actions/cli/cmd/check.go:112.2,112.24 1 0
github.com/jrschumacher/go-actions/cli/cmd/check.go:113.14,114.13 1 0
github.com/jrschumacher/go-actions/cli/cmd/check.go:115.14,116.13 1 0
github.com/jrschumacher/go-actions/cli/cmd/check.go:117.10,118.13 1 0
github.com/jrschumacher/go-actions/cli/cmd/check.go:121.2,121.12 1 0
github.com/jrschumacher/go-actions/cli/cmd/check.go:124.56,127.56 2 0
github.com/jrschumacher/go-actions/cli/cmd/check.go:127.56,129.3 1 0
github.com/jrschumacher/go-actions/cli/cmd/check.go:130.2,130.25 1 0
github.com/jrschumacher/go-actions/cli/cmd/check.go:130.25,132.3 1 0
github.com/jrschumacher/go-actions/cli/cmd/check.go:133.2,133.29 1 0
github.com/jrschumacher/go-actions/cli/cmd/check.go:133.29,135.3 1 0
github.com/jrschumacher/go-actions/cli/cmd/check.go:136.2,136.30 1 0
github.com/jrschumacher/go-actions/cli/cmd/check.go:136.30,138.3 1 0
github.com/jrschumacher/go-actions/cli/cmd/check.go:140.2,140.15 1 0
github.com/jrschumacher/go-actions/cli/cmd/hooks.go:15.54,17.3 1 0
github.com/jrschumacher/go-actions/cli/cmd/hooks.go:20.13,22.2 1 0
github.com/jrschumacher/go-actions/cli/cmd/init.go:21.13,23.2 1 0
github.com/jrschumacher/go-actions/cli/cmd/init.go:25.55,28.47 2 0
github.com/jrschumacher/go-actions/cli/cmd/init.go:28.47,30.3 1 0
github.com/jrschumacher/go-actions/cli/cmd/init.go:33.2,36.51 2 0
github.com/jrschumacher/go-actions/cli/cmd/init.go:36.51,38.3 1 0
github.com/jrschumacher/go-actions/cli/cmd/init.go:41.2,41.53 1 0
github.com/jrschumacher/go-actions/cli/cmd/init.go:41.53,43.3 1 0
github.com/jrschumacher/go-actions/cli/cmd/init.go:45.2,48.33 2 0
github.com/jrschumacher/go-actions/cli/cmd/init.go:48.33,50.3 1 0
github.com/jrschumacher/go-actions/cli/cmd/init.go:53.2,53.52 1 0
github.com/jrschumacher/go-actions/cli/cmd/init.go:53.52,55.3 1 0
github.com/jrschumacher/go-actions/cli/cmd/init.go:55.8,55.60 1 0
github.com/jrschumacher/go-actions/cli/cmd/init.go:55.60,57.3 1 0
github.com/jrschumacher/go-actions/cli/cmd/init.go:59.2,59.12 1 0
github.com/jrschumacher/go-actions/cli/cmd/init.go:62.54,64.45 1 0
github.com/jrschumacher/go-actions/cli/cmd/init.go:64.45,66.3 1 0
github.com/jrschumacher/go-actions/cli/cmd/init.go:69.2,69.50 1 0
github.com/jrschumacher/go-actions/cli/cmd/init.go:69.50,71.3 1 0
github.com/jrschumacher/go-actions/cli/cmd/init.go:74.2,74.52 1 0
github.com/jrschumacher/go-actions/cli/cmd/init.go:74.53,76.3 0 0
github.com/jrschumacher/go-actions/cli/cmd/init.go:76.8,76.60 1 0
github.com/jrschumacher/go-actions/cli/cmd/init.go:76.61,78.3 0 0
github.com/jrschumacher/go-actions/cli/cmd/init.go:81.2,82.81 2 0
github.com/jrschumacher/go-actions/cli/cmd/init.go:82.81,83.17 1 0
github.com/jrschumacher/go-actions/cli/cmd/init.go:83.17,85.4 1 0
github.com/jrschumacher/go-actions/cli/cmd/init.go:86.3,86.73 1 0
github.com/jrschumacher/go-actions/cli/cmd/init.go:86.73,88.4 1 0
github.com/jrschumacher/go-actions/cli/cmd/init.go:89.3,89.69 1 0
github.com/jrschumacher/go-actions/cli/cmd/init.go:89.69,91.102 1 0
github.com/jrschumacher/go-actions/cli/cmd/init.go:91.102,94.5 2 0
github.com/jrschumacher/go-actions/cli/cmd/init.go:96.3,96.13 1 0
github.com/jrschumacher/go-actions/cli/cmd/init.go:99.2,99.29 1 0
github.com/jrschumacher/go-actions/cli/cmd/init.go:99.29,101.3 1 0
github.com/jrschumacher/go-actions/cli/cmd/init.go:103.2,103.12 1 0
github.com/jrschumacher/go-actions/cli/cmd/root.go:25.16,26.42 1 0
github.com/jrschumacher/go-actions/cli/cmd/root.go:26.42,29.3 2 0
github.com/jrschumacher/go-actions/cli/cmd/root.go:32.13,34.2 1 0
github.com/jrschumacher/go-actions/cli/cmd/version.go:12.47,14.3 1 0
github.com/jrschumacher/go-actions/cli/cmd/version.go:17.13,19.2 1 0
